01:34:24 **** Incremental Build of configuration Debug for project DTMF_app ****
make -j12 all 
make --no-print-directory pre-build
a9-linaro-pre-build-step
' '
make --no-print-directory main-build
'Building target: DTMF_app.elf'
'Invoking: ARM v7 gcc linker'
'Finished building target: DTMF_app.elf'
' '
'Invoking: ARM v7 Print Size'
arm-none-eabi-size DTMF_app.elf  |tee "DTMF_app.elf.size"
   text	   data	    bss	    dec	    hex	filename
1563224	   1952	  22672	1587848	 183a88	DTMF_app.elf
'Finished building: DTMF_app.elf.size'
' '

01:34:50 Build Finished (took 25s.350ms)

