17:41:07 **** Incremental Build of configuration Debug for project AudioSynthesizer_app ****
make -j12 all 
make --no-print-directory pre-build
a9-linaro-pre-build-step
' '
make --no-print-directory main-build
'Building file: ../src/helloworld.c'
'Invoking: ARM v7 gcc compiler'
arm-none-eabi-gcc -DDISABLEFLOAT16 -DARM_MATH_NEON -Wall -O0 -g3 -IC:/devWorks/DTMF/AudioProcessing_EVS/Synthesizer/AudioProcessing2/export/AudioProcessing2/sw/AudioProcessing2/standalone_ps7_cortexa9_0/bspinclude/include -I"C:\devWorks\DTMF\AudioProcessing_EVS\Synthesizer\AudioSynthesizer_app\src\Source" -I"C:\devWorks\DTMF\AudioProcessing_EVS\Synthesizer\AudioSynthesizer_app\src\PrivateInclude" -I"C:\devWorks\DTMF\AudioProcessing_EVS\Synthesizer\AudioSynthesizer_app\src\ComputeLibrary" -I"C:\devWorks\DTMF\AudioProcessing_EVS\Synthesizer\AudioSynthesizer_app\src\Include" -I"C:\devWorks\DTMF\AudioProcessing_EVS\Synthesizer\AudioSynthesizer_app\src\Include\dsp" -I"C:\devWorks\DTMF\AudioProcessing_EVS\Synthesizer\AudioSynthesizer_app\src\ComputeLibrary\Include" -c -fmessage-length=0 -MT"src/helloworld.o" -mcpu=cortex-a9 -mfpu=neon-vfpv4 -mfloat-abi=hard -MMD -MP -MF"src/helloworld.d" -MT"src/helloworld.o" -o "src/helloworld.o" "../src/helloworld.c"
../src/helloworld.c: In function 'Timer_ISR':
../src/helloworld.c:88:26: warning: passing argument 1 of 'GenerateTone' discards 'volatile' qualifier from pointer target type [-Wdiscarded-qualifiers]
   88 |             GenerateTone(&outputL, &outputR, 1, 440.0f, &phase1);  // A4
      |                          ^~~~~~~~
../src/helloworld.c:34:28: note: expected 'int32_t *' {aka 'long int *'} but argument is of type 'volatile int32_t *' {aka 'volatile long int *'}
   34 | void GenerateTone(int32_t* outputBufferL, int32_t* outputBufferR, int bufferSize, float frequency, float* phase) {
      |                   ~~~~~~~~~^~~~~~~~~~~~~
../src/helloworld.c:88:36: warning: passing argument 2 of 'GenerateTone' discards 'volatile' qualifier from pointer target type [-Wdiscarded-qualifiers]
   88 |             GenerateTone(&outputL, &outputR, 1, 440.0f, &phase1);  // A4
      |                                    ^~~~~~~~
../src/helloworld.c:34:52: note: expected 'int32_t *' {aka 'long int *'} but argument is of type 'volatile int32_t *' {aka 'volatile long int *'}
   34 | void GenerateTone(int32_t* outputBufferL, int32_t* outputBufferR, int bufferSize, float frequency, float* phase) {
      |                                           ~~~~~~~~~^~~~~~~~~~~~~
../src/helloworld.c:91:26: warning: passing argument 1 of 'GenerateTone' discards 'volatile' qualifier from pointer target type [-Wdiscarded-qualifiers]
   91 |             GenerateTone(&outputL, &outputR, 1, 523.25f, &phase2);  // C5
      |                          ^~~~~~~~
../src/helloworld.c:34:28: note: expected 'int32_t *' {aka 'long int *'} but argument is of type 'volatile int32_t *' {aka 'volatile long int *'}
   34 | void GenerateTone(int32_t* outputBufferL, int32_t* outputBufferR, int bufferSize, float frequency, float* phase) {
      |                   ~~~~~~~~~^~~~~~~~~~~~~
../src/helloworld.c:91:36: warning: passing argument 2 of 'GenerateTone' discards 'volatile' qualifier from pointer target type [-Wdiscarded-qualifiers]
   91 |             GenerateTone(&outputL, &outputR, 1, 523.25f, &phase2);  // C5
      |                                    ^~~~~~~~
../src/helloworld.c:34:52: note: expected 'int32_t *' {aka 'long int *'} but argument is of type 'volatile int32_t *' {aka 'volatile long int *'}
   34 | void GenerateTone(int32_t* outputBufferL, int32_t* outputBufferR, int bufferSize, float frequency, float* phase) {
      |                                           ~~~~~~~~~^~~~~~~~~~~~~
../src/helloworld.c:94:26: warning: passing argument 1 of 'GenerateTone' discards 'volatile' qualifier from pointer target type [-Wdiscarded-qualifiers]
   94 |             GenerateTone(&outputL, &outputR, 1, 659.25f, &phase3);  // E5
      |                          ^~~~~~~~
../src/helloworld.c:34:28: note: expected 'int32_t *' {aka 'long int *'} but argument is of type 'volatile int32_t *' {aka 'volatile long int *'}
   34 | void GenerateTone(int32_t* outputBufferL, int32_t* outputBufferR, int bufferSize, float frequency, float* phase) {
      |                   ~~~~~~~~~^~~~~~~~~~~~~
../src/helloworld.c:94:36: warning: passing argument 2 of 'GenerateTone' discards 'volatile' qualifier from pointer target type [-Wdiscarded-qualifiers]
   94 |             GenerateTone(&outputL, &outputR, 1, 659.25f, &phase3);  // E5
      |                                    ^~~~~~~~
../src/helloworld.c:34:52: note: expected 'int32_t *' {aka 'long int *'} but argument is of type 'volatile int32_t *' {aka 'volatile long int *'}
   34 | void GenerateTone(int32_t* outputBufferL, int32_t* outputBufferR, int bufferSize, float frequency, float* phase) {
      |                                           ~~~~~~~~~^~~~~~~~~~~~~
../src/helloworld.c:97:26: warning: passing argument 1 of 'GenerateTone' discards 'volatile' qualifier from pointer target type [-Wdiscarded-qualifiers]
   97 |             GenerateTone(&outputL, &outputR, 1, 783.99f, &phase4);  // G5
      |                          ^~~~~~~~
../src/helloworld.c:34:28: note: expected 'int32_t *' {aka 'long int *'} but argument is of type 'volatile int32_t *' {aka 'volatile long int *'}
   34 | void GenerateTone(int32_t* outputBufferL, int32_t* outputBufferR, int bufferSize, float frequency, float* phase) {
      |                   ~~~~~~~~~^~~~~~~~~~~~~
../src/helloworld.c:97:36: warning: passing argument 2 of 'GenerateTone' discards 'volatile' qualifier from pointer target type [-Wdiscarded-qualifiers]
   97 |             GenerateTone(&outputL, &outputR, 1, 783.99f, &phase4);  // G5
      |                                    ^~~~~~~~
../src/helloworld.c:34:52: note: expected 'int32_t *' {aka 'long int *'} but argument is of type 'volatile int32_t *' {aka 'volatile long int *'}
   34 | void GenerateTone(int32_t* outputBufferL, int32_t* outputBufferR, int bufferSize, float frequency, float* phase) {
      |                                           ~~~~~~~~~^~~~~~~~~~~~~
../src/helloworld.c:105:20: warning: passing argument 1 of 'EchoEffect' discards 'volatile' qualifier from pointer target type [-Wdiscarded-qualifiers]
  105 |         EchoEffect(&outputL, &outputR, &outputL, &outputR);
      |                    ^~~~~~~~
../src/helloworld.c:49:26: note: expected 'int32_t *' {aka 'long int *'} but argument is of type 'volatile int32_t *' {aka 'volatile long int *'}
   49 | void EchoEffect(int32_t* inputL, int32_t* inputR, int32_t* outputL, int32_t* outputR) {
      |                 ~~~~~~~~~^~~~~~
../src/helloworld.c:105:30: warning: passing argument 2 of 'EchoEffect' discards 'volatile' qualifier from pointer target type [-Wdiscarded-qualifiers]
  105 |         EchoEffect(&outputL, &outputR, &outputL, &outputR);
      |                              ^~~~~~~~
../src/helloworld.c:49:43: note: expected 'int32_t *' {aka 'long int *'} but argument is of type 'volatile int32_t *' {aka 'volatile long int *'}
   49 | void EchoEffect(int32_t* inputL, int32_t* inputR, int32_t* outputL, int32_t* outputR) {
      |                                  ~~~~~~~~~^~~~~~
../src/helloworld.c:105:40: warning: passing argument 3 of 'EchoEffect' discards 'volatile' qualifier from pointer target type [-Wdiscarded-qualifiers]
  105 |         EchoEffect(&outputL, &outputR, &outputL, &outputR);
      |                                        ^~~~~~~~
../src/helloworld.c:49:60: note: expected 'int32_t *' {aka 'long int *'} but argument is of type 'volatile int32_t *' {aka 'volatile long int *'}
   49 | void EchoEffect(int32_t* inputL, int32_t* inputR, int32_t* outputL, int32_t* outputR) {
      |                                                   ~~~~~~~~~^~~~~~~
../src/helloworld.c:105:50: warning: passing argument 4 of 'EchoEffect' discards 'volatile' qualifier from pointer target type [-Wdiscarded-qualifiers]
  105 |         EchoEffect(&outputL, &outputR, &outputL, &outputR);
      |                                                  ^~~~~~~~
../src/helloworld.c:49:78: note: expected 'int32_t *' {aka 'long int *'} but argument is of type 'volatile int32_t *' {aka 'volatile long int *'}
   49 | void EchoEffect(int32_t* inputL, int32_t* inputR, int32_t* outputL, int32_t* outputR) {
      |                                                                     ~~~~~~~~~^~~~~~~
../src/helloworld.c:108:22: warning: passing argument 1 of 'ReverbEffect' discards 'volatile' qualifier from pointer target type [-Wdiscarded-qualifiers]
  108 |         ReverbEffect(&outputL, &outputR, &outputL, &outputR);
      |                      ^~~~~~~~
../src/helloworld.c:60:28: note: expected 'int32_t *' {aka 'long int *'} but argument is of type 'volatile int32_t *' {aka 'volatile long int *'}
   60 | void ReverbEffect(int32_t* inputL, int32_t* inputR, int32_t* outputL, int32_t* outputR) {
      |                   ~~~~~~~~~^~~~~~
../src/helloworld.c:108:32: warning: passing argument 2 of 'ReverbEffect' discards 'volatile' qualifier from pointer target type [-Wdiscarded-qualifiers]
  108 |         ReverbEffect(&outputL, &outputR, &outputL, &outputR);
      |                                ^~~~~~~~
../src/helloworld.c:60:45: note: expected 'int32_t *' {aka 'long int *'} but argument is of type 'volatile int32_t *' {aka 'volatile long int *'}
   60 | void ReverbEffect(int32_t* inputL, int32_t* inputR, int32_t* outputL, int32_t* outputR) {
      |                                    ~~~~~~~~~^~~~~~
../src/helloworld.c:108:42: warning: passing argument 3 of 'ReverbEffect' discards 'volatile' qualifier from pointer target type [-Wdiscarded-qualifiers]
  108 |         ReverbEffect(&outputL, &outputR, &outputL, &outputR);
      |                                          ^~~~~~~~
../src/helloworld.c:60:62: note: expected 'int32_t *' {aka 'long int *'} but argument is of type 'volatile int32_t *' {aka 'volatile long int *'}
   60 | void ReverbEffect(int32_t* inputL, int32_t* inputR, int32_t* outputL, int32_t* outputR) {
      |                                                     ~~~~~~~~~^~~~~~~
../src/helloworld.c:108:52: warning: passing argument 4 of 'ReverbEffect' discards 'volatile' qualifier from pointer target type [-Wdiscarded-qualifiers]
  108 |         ReverbEffect(&outputL, &outputR, &outputL, &outputR);
      |                                                    ^~~~~~~~
../src/helloworld.c:60:80: note: expected 'int32_t *' {aka 'long int *'} but argument is of type 'volatile int32_t *' {aka 'volatile long int *'}
   60 | void ReverbEffect(int32_t* inputL, int32_t* inputR, int32_t* outputL, int32_t* outputR) {
      |                                                                       ~~~~~~~~~^~~~~~~
'Finished building: ../src/helloworld.c'
' '
'Building target: AudioSynthesizer_app.elf'
'Invoking: ARM v7 gcc linker'
'Finished building target: AudioSynthesizer_app.elf'
' '
'Invoking: ARM v7 Print Size'
arm-none-eabi-size AudioSynthesizer_app.elf  |tee "AudioSynthesizer_app.elf.size"
   text	   data	    bss	    dec	    hex	filename
1565112	   1984	  99520	1666616	 196e38	AudioSynthesizer_app.elf
'Finished building: AudioSynthesizer_app.elf.size'
' '

17:41:21 Build Finished (took 13s.982ms)

